Copyright 1986-2022 Xilinx, Inc. All Rights Reserved. Copyright 2022-2024 Advanced Micro Devices, Inc. All Rights Reserved.
---------------------------------------------------------------------------------------------------------------------------------------------
| Tool Version : Vivado v.2024.2 (lin64) Build 5239630 Fri Nov 08 22:34:34 MST 2024
| Date         : Thu Mar 26 02:31:11 2026
| Host         : hh-1305-07.lan.local.cmu.edu running 64-bit Red Hat Enterprise Linux release 8.10 (Ootpa)
| Command      : report_control_sets -verbose -file ChipInterface_control_sets_placed.rpt
| Design       : ChipInterface
| Device       : xc7s50
---------------------------------------------------------------------------------------------------------------------------------------------

Control Set Information

Table of Contents
-----------------
1. Summary
2. Histogram
3. Flip-Flop Distribution
4. Detailed Control Set Information

1. Summary
----------

+----------------------------------------------------------+-------+
|                          Status                          | Count |
+----------------------------------------------------------+-------+
| Total control sets                                       |    19 |
|    Minimum number of control sets                        |    19 |
|    Addition due to synthesis replication                 |     0 |
|    Addition due to physical synthesis replication        |     0 |
| Unused register locations in slices containing registers |    88 |
+----------------------------------------------------------+-------+
* Control sets can be merged at opt_design using control_set_merge or merge_equivalent_drivers
** Run report_qor_suggestions for automated merging and remapping suggestions


2. Histogram
------------

+--------------------+-------+
|       Fanout       | Count |
+--------------------+-------+
| Total control sets |    19 |
| >= 0 to < 4        |     2 |
| >= 4 to < 6        |     3 |
| >= 6 to < 8        |     0 |
| >= 8 to < 10       |     0 |
| >= 10 to < 12      |     1 |
| >= 12 to < 14      |     0 |
| >= 14 to < 16      |     2 |
| >= 16              |    11 |
+--------------------+-------+
* Control sets can be remapped at either synth_design or opt_design


3. Flip-Flop Distribution
-------------------------

+--------------+-----------------------+------------------------+-----------------+--------------+
| Clock Enable | Synchronous Set/Reset | Asynchronous Set/Reset | Total Registers | Total Slices |
+--------------+-----------------------+------------------------+-----------------+--------------+
| No           | No                    | No                     |             127 |           47 |
| No           | No                    | Yes                    |              79 |           32 |
| No           | Yes                   | No                     |              15 |            4 |
| Yes          | No                    | No                     |               1 |            1 |
| Yes          | No                    | Yes                    |             162 |           61 |
| Yes          | Yes                   | No                     |               8 |            3 |
+--------------+-----------------------+------------------------+-----------------+--------------+


4. Detailed Control Set Information
-----------------------------------

+------------------------+----------------------------------------------+-----------------------------+------------------+----------------+--------------+
|      Clock Signal      |                 Enable Signal                |       Set/Reset Signal      | Slice Load Count | Bel Load Count | Bels / Slice |
+------------------------+----------------------------------------------+-----------------------------+------------------+----------------+--------------+
|  CLOCK_100_IBUF        |                                              |                             |                1 |              1 |         1.00 |
|  clk_wiz/inst/clk_out1 | bigDP/fsm2/FSM_sequential_currState_reg[1]_0 |                             |                1 |              1 |         1.00 |
|  CLOCK_100_IBUF        |                                              | positionsLoaded[3]_i_1_n_0  |                1 |              4 |         4.00 |
|  clk_wiz/inst/clk_out1 | bigDP/numGamesCtr/en0                        | BTN_IBUF[0]                 |                2 |              4 |         2.00 |
|  clk_wiz/inst/clk_out1 | bigDP/control/E[0]                           | bigDP/fsm2/clear0           |                1 |              4 |         4.00 |
|  clk_wiz/inst/clk_out1 | mmVGA/vgaCounter/col_counter/E[0]            | sync_reset/two/reset_sync   |                2 |             10 |         5.00 |
|  clk_wiz/inst/clk_out1 |                                              | sync_reset/two/reset_sync   |                7 |             14 |         2.00 |
|  clk_wiz/inst/clk_out1 |                                              | BTN_IBUF[0]                 |                5 |             15 |         3.00 |
|  CLOCK_100_IBUF        |                                              | sync_reset/two/reset_sync   |                6 |             19 |         3.17 |
|  clk_wiz/inst/clk_out1 | bigDP/roundCtr/Q_reg[2]_0[0]                 | sync_reset/two/reset_sync   |                9 |             19 |         2.11 |
|  clk_wiz/inst/clk_out1 | bigDP/roundCtr/Q_reg[3]_3[0]                 | sync_reset/two/reset_sync   |                8 |             19 |         2.38 |
|  clk_wiz/inst/clk_out1 | bigDP/roundCtr/Q_reg[3]_1[0]                 | sync_reset/two/reset_sync   |                6 |             19 |         3.17 |
|  clk_wiz/inst/clk_out1 | bigDP/roundCtr/Q_reg[3]_0[0]                 | sync_reset/two/reset_sync   |                4 |             19 |         4.75 |
|  clk_wiz/inst/clk_out1 | bigDP/roundCtr/Q_reg[3]_2[0]                 | sync_reset/two/reset_sync   |                9 |             19 |         2.11 |
|  clk_wiz/inst/clk_out1 | bigDP/roundCtr/Q_reg[3]_5[0]                 | sync_reset/two/reset_sync   |                7 |             19 |         2.71 |
|  clk_wiz/inst/clk_out1 | bigDP/roundCtr/Q_reg[3]_4[0]                 | sync_reset/two/reset_sync   |                7 |             19 |         2.71 |
|  clk_wiz/inst/clk_out1 | bigDP/roundCtr/Q_reg[3]_6[0]                 | sync_reset/two/reset_sync   |                9 |             19 |         2.11 |
|  clk_wiz/inst/clk_out1 |                                              | vga_to_hdmi/inst/encr/AR[0] |               17 |             42 |         2.47 |
|  clk_wiz/inst/clk_out1 |                                              |                             |               49 |            153 |         3.12 |
+------------------------+----------------------------------------------+-----------------------------+------------------+----------------+--------------+


